// Jest Snapshot v1, https://goo.gl/fbAQLP

exports[`Link changes the class when hovered 1`] = `
<div>
  <hr />
  <p>
    Copyrights @
    HCL
    , 
    2020
  </p>
  <ul>
    <li>
      IN
    </li>
    <li>
      UK
    </li>
  </ul>
   
  <button
    className="success"
  >
    தொடர்பு
  </button>
  <button
    onClick={[Function]}
  >
    Cart
  </button>
</div>
`;
